[templatekit.jegtheme.com/pirus/index.html]
[templatekit.jegtheme.com/pirus/xmlrpc.php]
[backblue.gif]
[fade.gif]
[index.html]
[templatekit.jegtheme.com/pirus/wp-content/plugins/jeg-elementor-kit/assets/css/elements/main04c6.css]
[templatekit.jegtheme.com/pirus/wp-includes/css/dist/block-library/style.mind9cd.css]
[templatekit.jegtheme.com/pirus/wp-content/plugins/contact-form-7/includes/css/styles04dd.css]
[templatekit.jegtheme.com/pirus/wp-content/plugins/template-kit-export/public/assets/css/template-kit-export-public.min365c.css]
[templatekit.jegtheme.com/pirus/feed/index.html]
[templatekit.jegtheme.com/pirus/wp-content/uploads/sites/43/essential-addons-elementor/cb70d11b8.min70ac.css]
[templatekit.jegtheme.com/pirus/wp-content/plugins/header-footer-elementor/assets/css/header-footer-elementora242.css]
[templatekit.jegtheme.com/pirus/wp-content/plugins/elementor/assets/lib/eicons/css/elementor-icons.min7816.css]
[templatekit.jegtheme.com/pirus/comments/feed/index.html]
[templatekit.jegtheme.com/pirus/wp-content/plugins/essential-addons-for-elementor-lite/assets/admin/images/templately/logo-icon.svg]
[templatekit.jegtheme.com/pirus/wp-content/plugins/elementor/assets/css/frontend-legacy.min3ab2.css]
[templatekit.jegtheme.com/pirus/wp-content/plugins/elementor/assets/css/frontend.min3ab2.css]
[templatekit.jegtheme.com/pirus/wp-content/uploads/sites/43/elementor/css/post-87de4.css]
[templatekit.jegtheme.com/pirus/wp-content/plugins/jetsticky-for-elementor/assets/css/jet-sticky-frontend4bf4.css]
[templatekit.jegtheme.com/pirus/wp-content/uploads/sites/43/elementor/css/global1895.css]
[templatekit.jegtheme.com/pirus/wp-content/uploads/sites/43/elementor/css/post-5157ead.css]
[templatekit.jegtheme.com/pirus/wp-content/plugins/elementor/assets/lib/font-awesome/css/all.min58e0.css]
[templatekit.jegtheme.com/pirus/wp-content/plugins/elementor/assets/lib/font-awesome/css/v4-shims.min58e0.css]
[templatekit.jegtheme.com/pirus/wp-content/plugins/header-footer-elementor/inc/widgets-css/frontenda242.css]
[templatekit.jegtheme.com/pirus/wp-content/uploads/sites/43/elementor/css/post-147de4.css]
[templatekit.jegtheme.com/pirus/wp-content/uploads/sites/43/elementor/css/post-821e236.css]
[templatekit.jegtheme.com/pirus/wp-content/themes/hello-elementor/style.min0875.css]
[templatekit.jegtheme.com/pirus/wp-content/themes/hello-elementor/theme.min0875.css]
[templatekit.jegtheme.com/pirus/wp-content/plugins/elementskit-lite/modules/elementskit-icon-pack/assets/css/ekiticonsc141.css]
[templatekit.jegtheme.com/pirus/wp-content/plugins/elementskit-lite/widgets/init/assets/css/widget-stylesc141.css]
[templatekit.jegtheme.com/pirus/wp-content/plugins/elementskit-lite/widgets/init/assets/css/responsivec141.css]
[templatekit.jegtheme.com/pirus/wp-content/plugins/elementor/assets/lib/font-awesome/css/fontawesome.min52d5.css]
[templatekit.jegtheme.com/pirus/wp-content/plugins/elementor/assets/lib/font-awesome/css/brands.min52d5.css]
[templatekit.jegtheme.com/pirus/wp-includes/js/jquery/jquery.minaf6c.js]
[templatekit.jegtheme.com/pirus/wp-includes/js/jquery/jquery-migrate.mind617.js]
[templatekit.jegtheme.com/pirus/wp-content/plugins/template-kit-export/public/assets/js/template-kit-export-public.min365c.js]
[templatekit.jegtheme.com/pirus/wp-content/plugins/elementor/assets/lib/font-awesome/js/v4-shims.min58e0.js]
[templatekit.jegtheme.com/pirus/wp-json/index.html]
[templatekit.jegtheme.com/pirus/wp-json/wp/v2/pages/515.json]
[templatekit.jegtheme.com/pirus/xmlrpc0db0.php]
[templatekit.jegtheme.com/pirus/wp-includes/wlwmanifest.xml]
[templatekit.jegtheme.com/pirus/wp-json/oembed/1.0/embed1cf6.json]
[templatekit.jegtheme.com/pirus/wp-json/oembed/1.0/embed5fc0]
[templatekit.jegtheme.com/pirus/wp-content/uploads/sites/43/2020/11/Asset-1-1-1024x404.png]
[templatekit.jegtheme.com/creative1/wp-content/uploads/sites/43/2020/12/adam-birkett-QRWAdBCqysc-unsplash2-2.jpg]
[templatekit.jegtheme.com/pirus/home-2/index.html]
[templatekit.jegtheme.com/creative1/wp-content/uploads/sites/43/2020/12/kilyan-sockalingum-LQf3dro3y5E-unsplash2.jpg]
[templatekit.jegtheme.com/creative1/wp-content/uploads/sites/43/2020/12/petri-r-gehzL37x6zY-unsplash2.jpg]
[templatekit.jegtheme.com/creative1/wp-content/uploads/sites/43/2021/02/wesson-wang-y0_vFxOHayg-unsplash_8-e1612527130994.jpg]
[templatekit.jegtheme.com/creative1/wp-content/uploads/sites/43/2020/12/kilyan-sockalingum-FAlefSetxdQ-unsplash2.jpg]
[templatekit.jegtheme.com/pirus/services/index.html]
[templatekit.jegtheme.com/creative1/wp-content/uploads/sites/43/2021/02/harun-asrori-YaVzA1txTRQ-unsplash_4-e1612527269350.jpg]
[templatekit.jegtheme.com/pirus/wp-content/uploads/sites/43/2021/01/portrait-of-entrepreneur-2.jpg]
[templatekit.jegtheme.com/pirus/wp-content/uploads/sites/43/2021/01/portrait-1-2.jpg]
[templatekit.jegtheme.com/pirus/wp-content/uploads/sites/43/2021/01/placeit-close-up-portrait-of-handsome-happy-man-2.jpg]
[templatekit.jegtheme.com/pirus/services-2/index.html]
[templatekit.jegtheme.com/pirus/wp-content/uploads/sites/43/2021/01/portrait-2-2.jpg]
[templatekit.jegtheme.com/pirus/wp-content/uploads/sites/43/2020/11/5Artboard-1.png]
[templatekit.jegtheme.com/pirus/wp-content/uploads/sites/43/2020/11/4Artboard-1.png]
[templatekit.jegtheme.com/pirus/single-project/index.html]
[templatekit.jegtheme.com/pirus/wp-content/uploads/sites/43/2020/11/3Artboard-1.png]
[templatekit.jegtheme.com/pirus/wp-content/uploads/sites/43/2020/11/2Artboard-1.png]
[templatekit.jegtheme.com/pirus/wp-content/uploads/sites/43/2020/11/1Artboard-1.png]
[templatekit.jegtheme.com/pirus/wp-content/uploads/sites/43/2020/11/7Artboard-1.png]
[templatekit.jegtheme.com/pirus/wp-content/uploads/sites/43/2020/11/6Artboard-1-e1614058592918.png]
[templatekit.jegtheme.com/pirus/wp-content/uploads/sites/43/2020/12/banner-16.jpg]
[templatekit.jegtheme.com/pirus/our-works/index.html]
[templatekit.jegtheme.com/pirus/wp-content/uploads/sites/43/2020/12/WI1015_cover.jpg]
[templatekit.jegtheme.com/pirus/wp-content/uploads/sites/43/2020/11/manuel-cosentino-M3fhZSBFoFQ-unsplash-e1613656498145.jpg]
[templatekit.jegtheme.com/pirus/wp-content/plugins/elementor/assets/lib/animations/animations.min3ab2.css]
[templatekit.jegtheme.com/pirus/about/index.html]
[templatekit.jegtheme.com/pirus/blog/index.html]
[templatekit.jegtheme.com/cdn-cgi/scripts/5c5dd728/cloudflare-static/email-decode.min.js]
[templatekit.jegtheme.com/pirus/wp-includes/js/dist/vendor/regenerator-runtime.min3937.js]
[templatekit.jegtheme.com/pirus/wp-includes/js/dist/vendor/wp-polyfill.min2c7c.js]
[templatekit.jegtheme.com/pirus/wp-content/plugins/contact-form-7/includes/js/index04dd.js]
[templatekit.jegtheme.com/pirus/wp-content/uploads/sites/43/essential-addons-elementor/cb70d11b8.min70ac.js]
[templatekit.jegtheme.com/pirus/wp-content/plugins/elementskit-lite/libs/framework/assets/js/frontend-scriptc141.js]
[templatekit.jegtheme.com/pirus/wp-content/plugins/elementskit-lite/widgets/init/assets/js/widget-scriptsc141.js]
[templatekit.jegtheme.com/pirus/wp-content/plugins/elementor/assets/js/webpack.runtime.min3ab2.js]
[templatekit.jegtheme.com/pirus/wp-content/plugins/elementor/assets/js/frontend-modules.min3ab2.js]
[templatekit.jegtheme.com/pirus/contact-us-1/index.html]
[templatekit.jegtheme.com/pirus/wp-content/plugins/elementor/assets/lib/waypoints/waypoints.min05da.js]
[templatekit.jegtheme.com/pirus/wp-includes/js/jquery/ui/core.min0028.js]
[templatekit.jegtheme.com/pirus/wp-content/plugins/elementor/assets/lib/swiper/swiper.min48f5.js]
[templatekit.jegtheme.com/pirus/wp-content/plugins/elementor/assets/lib/share-link/share-link.min3ab2.js]
[templatekit.jegtheme.com/pirus/wp-content/plugins/elementor/assets/lib/dialog/dialog.mind227.js]
[templatekit.jegtheme.com/pirus/contact-us-2/index.html]
[templatekit.jegtheme.com/pirus/wp-content/plugins/elementor/assets/js/frontend.min3ab2.js]
[templatekit.jegtheme.com/pirus/wp-content/plugins/jeg-elementor-kit/assets/js/elements/sticky-element04c6.js]
[templatekit.jegtheme.com/pirus/wp-content/plugins/header-footer-elementor/inc/js/frontenda242.js]
[templatekit.jegtheme.com/pirus/wp-content/plugins/jeg-elementor-kit/assets/js/magnific-popup/jquery.magnific-popup.minf488.js]
[templatekit.jegtheme.com/pirus/2021/01/13/could-this-vr-sketching-tool-be-coming-of-age-for-designers-in-the-future/index.html]
[templatekit.jegtheme.com/pirus/wp-content/plugins/jetsticky-for-elementor/assets/js/lib/ResizeSensor.min7d4c.js]
[templatekit.jegtheme.com/pirus/wp-content/plugins/jetsticky-for-elementor/assets/js/lib/sticky-sidebar/sticky-sidebar.min3d36.js]
[templatekit.jegtheme.com/pirus/wp-content/plugins/jetsticky-for-elementor/assets/js/lib/jsticky/jquery.jstickyf488.js]
[templatekit.jegtheme.com/pirus/wp-content/plugins/jetsticky-for-elementor/assets/js/jet-sticky-frontend4bf4.js]
[templatekit.jegtheme.com/pirus/2020/12/01/8-cities-that-show-you-what-the-future-will-look-like/index.html]
[templatekit.jegtheme.com/pirus/wp-content/plugins/elementskit-lite/widgets/init/assets/js/animate-circlec141.js]
[templatekit.jegtheme.com/pirus/wp-content/plugins/elementskit-lite/widgets/init/assets/js/elementorc141.js]
[templatekit.jegtheme.com/pirus/wp-content/plugins/elementor/assets/js/preloaded-modules.min3ab2.js]
[templatekit.jegtheme.com/pirus/index.html]
[templatekit.jegtheme.com/pirus/xmlrpc.html]
[templatekit.jegtheme.com/pirus/2020/11/08/15-gift-ideas-for-mom-and-dad-wherever-they-are-this-year/index.html]
[templatekit.jegtheme.com/pirus/wp-content/plugins/jeg-elementor-kit/assets/img/letter-x.svg]
[templatekit.jegtheme.com/pirus/wp-content/plugins/jeg-elementor-kit/assets/css/elements/main04c6.css]
[templatekit.jegtheme.com/pirus/wp-includes/css/dist/block-library/style.mind9cd.css]
[templatekit.jegtheme.com/pirus/wp-content/plugins/contact-form-7/includes/css/styles04dd.css]
[templatekit.jegtheme.com/pirus/wp-content/plugins/template-kit-export/public/assets/css/template-kit-export-public.min365c.css]
[templatekit.jegtheme.com/pirus/wp-content/uploads/sites/43/essential-addons-elementor/cb70d11b8.min70ac.css]
[templatekit.jegtheme.com/pirus/wp-content/plugins/header-footer-elementor/assets/css/header-footer-elementora242.css]
[templatekit.jegtheme.com/pirus/indexe2f2.html]
[templatekit.jegtheme.com/pirus/wp-content/plugins/elementor/assets/lib/eicons/fonts/eicons5519.eot]
[templatekit.jegtheme.com/pirus/wp-content/plugins/elementor/assets/lib/eicons/fonts/eicons5519.woff]
[templatekit.jegtheme.com/pirus/wp-content/plugins/elementor/assets/lib/eicons/fonts/eicons5519.ttf]
[templatekit.jegtheme.com/pirus/wp-content/plugins/elementor/assets/lib/eicons/css/elementor-icons.min7816.css]
[templatekit.jegtheme.com/pirus/wp-content/plugins/essential-addons-for-elementor-lite/assets/admin/images/templately/logo-icon.svg]
[templatekit.jegtheme.com/pirus/wp-content/plugins/elementor/assets/css/frontend-legacy.min3ab2.css]
[templatekit.jegtheme.com/pirus/wp-content/plugins/elementor/assets/css/frontend.min3ab2.css]
[templatekit.jegtheme.com/pirus/wp-content/uploads/sites/43/elementor/css/post-87de4.css]
[templatekit.jegtheme.com/pirus/wp-content/plugins/jetsticky-for-elementor/assets/css/jet-sticky-frontend4bf4.css]
[templatekit.jegtheme.com/pirus/wp-content/uploads/sites/43/elementor/css/global1895.css]
[templatekit.jegtheme.com/pirus/wp-content/plugins/elementor/assets/lib/eicons/fonts/eicons5519.svg]
[templatekit.jegtheme.com/creative1/wp-content/uploads/sites/43/2021/02/harun-asrori-YaVzA1txTRQ-unsplash_3-e1612961604221.jpg]
[templatekit.jegtheme.com/creative1/wp-content/uploads/sites/43/2021/01/people-working-in-office.jpg]
[templatekit.jegtheme.com/creative1/wp-content/uploads/sites/43/2021/01/people-working-in-office-1.jpg]
[templatekit.jegtheme.com/creative1/wp-content/uploads/sites/43/2021/01/office.jpg]
[templatekit.jegtheme.com/creative1/wp-content/uploads/sites/43/2021/02/harun-asrori-YaVzA1txTRQ-unsplash_8.jpg]
[templatekit.jegtheme.com/pirus/wp-content/uploads/sites/43/elementor/css/post-5157ead.css]
[templatekit.jegtheme.com/creative1/wp-content/uploads/sites/43/2021/02/harun-asrori-YaVzA1txTRQ-unsplash_9.jpg]
[templatekit.jegtheme.com/pirus/wp-content/plugins/elementor/assets/lib/font-awesome/webfonts/fa-brands-400.eot]
[templatekit.jegtheme.com/pirus/wp-content/plugins/elementor/assets/lib/font-awesome/webfonts/fa-brands-400d41d.eot]
[templatekit.jegtheme.com/pirus/wp-content/plugins/elementor/assets/lib/font-awesome/webfonts/fa-brands-400.woff]
[templatekit.jegtheme.com/pirus/wp-content/plugins/elementor/assets/lib/font-awesome/webfonts/fa-brands-400.ttf]
[templatekit.jegtheme.com/pirus/wp-content/plugins/elementor/assets/lib/font-awesome/webfonts/fa-brands-400.svg]
[templatekit.jegtheme.com/pirus/wp-content/plugins/elementor/assets/lib/font-awesome/webfonts/fa-regular-400.eot]
[templatekit.jegtheme.com/pirus/wp-content/plugins/elementor/assets/lib/font-awesome/webfonts/fa-regular-400d41d.eot]
[templatekit.jegtheme.com/pirus/wp-content/plugins/elementor/assets/lib/font-awesome/webfonts/fa-regular-400.woff]
[templatekit.jegtheme.com/pirus/wp-content/plugins/elementor/assets/lib/font-awesome/webfonts/fa-regular-400.ttf]
[templatekit.jegtheme.com/pirus/wp-content/plugins/elementor/assets/lib/font-awesome/webfonts/fa-regular-400.svg]
[templatekit.jegtheme.com/pirus/wp-content/plugins/elementor/assets/lib/font-awesome/webfonts/fa-solid-900.eot]
[templatekit.jegtheme.com/pirus/wp-content/plugins/elementor/assets/lib/font-awesome/webfonts/fa-solid-900d41d.eot]
[templatekit.jegtheme.com/pirus/wp-content/plugins/elementor/assets/lib/font-awesome/webfonts/fa-solid-900.woff]
[templatekit.jegtheme.com/pirus/wp-content/plugins/elementor/assets/lib/font-awesome/webfonts/fa-solid-900.ttf]
[templatekit.jegtheme.com/pirus/wp-content/plugins/elementor/assets/lib/font-awesome/css/all.min58e0.css]
[templatekit.jegtheme.com/pirus/wp-content/plugins/elementor/assets/lib/font-awesome/css/v4-shims.min58e0.css]
[templatekit.jegtheme.com/pirus/wp-content/plugins/header-footer-elementor/inc/widgets-css/frontenda242.css]
[templatekit.jegtheme.com/pirus/wp-content/uploads/sites/43/elementor/css/post-147de4.css]
[templatekit.jegtheme.com/creative1/wp-content/uploads/sites/43/2020/11/7Artboard-90.jpg]
[templatekit.jegtheme.com/pirus/wp-content/uploads/sites/43/elementor/css/post-821e236.css]
[templatekit.jegtheme.com/pirus/wp-content/themes/hello-elementor/style.min0875.css]
[templatekit.jegtheme.com/pirus/wp-content/themes/hello-elementor/theme.min0875.css]
[templatekit.jegtheme.com/pirus/wp-content/plugins/elementskit-lite/modules/elementskit-icon-pack/assets/css/ekiticonsc141.css]
[templatekit.jegtheme.com/pirus/wp-content/plugins/elementor/assets/lib/font-awesome/webfonts/fa-solid-900.svg]
[templatekit.jegtheme.com/pirus/wp-content/plugins/elementskit-lite/modules/elementskit-icon-pack/assets/fonts/elementskit97ac.woff]
[templatekit.jegtheme.com/pirus/wp-content/plugins/elementskit-lite/widgets/init/assets/img/arrow.png]
[templatekit.jegtheme.com/pirus/wp-content/plugins/elementskit-lite/widgets/init/assets/img/sort_asc.png]
[templatekit.jegtheme.com/pirus/wp-content/plugins/elementskit-lite/widgets/init/assets/img/sort_desc.png]
[templatekit.jegtheme.com/pirus/wp-content/plugins/elementskit-lite/widgets/init/assets/img/sort_asc_disabled.png]
[templatekit.jegtheme.com/pirus/wp-content/plugins/elementskit-lite/widgets/init/assets/img/cross-out.svg]
[templatekit.jegtheme.com/pirus/wp-content/plugins/elementskit-lite/widgets/init/assets/css/widget-stylesc141.css]
[templatekit.jegtheme.com/pirus/wp-content/plugins/elementskit-lite/widgets/init/assets/css/responsivec141.css]
[templatekit.jegtheme.com/pirus/wp-content/plugins/elementor/assets/lib/font-awesome/css/fontawesome.min52d5.css]
[templatekit.jegtheme.com/pirus/wp-content/plugins/elementor/assets/lib/font-awesome/css/brands.min52d5.css]
[templatekit.jegtheme.com/pirus/xmlrpc0db0.html]
[templatekit.jegtheme.com/pirus/wp-content/uploads/sites/43/essential-addons-elementor/18a76cf22.mine183.css]
[templatekit.jegtheme.com/pirus/wp-content/uploads/sites/43/elementor/css/post-64a84.css]
[templatekit.jegtheme.com/pirus/wp-content/plugins/elementor/assets/lib/font-awesome/css/solid.min52d5.css]
[templatekit.jegtheme.com/pirus/wp-json/wp/v2/pages/6.json]
[templatekit.jegtheme.com/pirus/wp-json/oembed/1.0/embed25a0.json]
[templatekit.jegtheme.com/pirus/wp-json/oembed/1.0/embedca40]
[templatekit.jegtheme.com/pirus/wp-content/uploads/sites/43/2020/11/lloyd-dirks-0vsk2_9dkqo-unsplash-2-1024x1024.jpg]
[templatekit.jegtheme.com/pirus/wp-content/uploads/sites/43/2020/12/nimble-made-kMGX6UK06Ps-unsplash-2-1024x1024.jpg]
[templatekit.jegtheme.com/pirus/wp-content/uploads/sites/43/2020/12/david-svihovec-bk7BYXWJcwM-unsplash-2-1024x1024.jpg]
[templatekit.jegtheme.com/pirus/wp-content/uploads/sites/43/2020/12/jakob-owens-O_bhy3TnSYU-unsplash-2-1024x1024.jpg]
[templatekit.jegtheme.com/pirus/wp-content/uploads/sites/43/2020/11/manuel-cosentino-M3fhZSBFoFQ-unsplash-1024x1024.jpg]
[templatekit.jegtheme.com/pirus/wp-content/uploads/sites/43/2020/12/matt-rogers-iGxgUBp7i38-unsplash-2-1024x1024.jpg]
[templatekit.jegtheme.com/pirus/wp-content/uploads/sites/43/2020/11/omid-armin-UtuGfdUwdRg-unsplash-1024x1024.jpg]
[templatekit.jegtheme.com/pirus/wp-content/uploads/sites/43/2021/02/portrait-of-business-woman_3-769x1024.jpg]
[templatekit.jegtheme.com/pirus/wp-content/uploads/sites/43/2021/01/Artboard-4-2-768x1024.jpg]
[templatekit.jegtheme.com/pirus/wp-content/uploads/sites/43/2021/01/Artboard-1-2-768x1024.jpg]
[templatekit.jegtheme.com/pirus/wp-content/uploads/sites/43/2021/01/Artboard-3-2-768x1024.jpg]
[templatekit.jegtheme.com/pirus/wp-content/uploads/sites/43/2021/01/Artboard-2-2-768x1024.jpg]
[templatekit.jegtheme.com/pirus/wp-content/uploads/sites/43/essential-addons-elementor/18a76cf22.mine183.js]
[templatekit.jegtheme.com/pirus/home-2/index.html]
[templatekit.jegtheme.com/pirus/wp-content/uploads/sites/43/elementor/css/post-2190867.css]
[templatekit.jegtheme.com/pirus/wp-json/wp/v2/pages/219.json]
[templatekit.jegtheme.com/pirus/wp-json/oembed/1.0/embed8286.json]
[templatekit.jegtheme.com/pirus/wp-json/oembed/1.0/embed897d]
[templatekit.jegtheme.com/pirus/services/index.html]
[templatekit.jegtheme.com/pirus/wp-content/uploads/sites/43/elementor/css/post-58263cf.css]
[templatekit.jegtheme.com/pirus/wp-json/wp/v2/pages/582.json]
[templatekit.jegtheme.com/pirus/wp-json/oembed/1.0/embedaee7.json]
[templatekit.jegtheme.com/pirus/wp-json/oembed/1.0/embed374b]
[templatekit.jegtheme.com/pirus/wp-content/uploads/sites/43/2020/11/balazs-ketyi-jRUW43RuZ_A-unsplash-e1613656520111.jpg]
[templatekit.jegtheme.com/pirus/wp-content/uploads/sites/43/2020/11/daniel-korpai-aUmq85-2V7I-unsplash-scaled-e1606140943630.jpg]
[templatekit.jegtheme.com/pirus/services-2/index.html]
[templatekit.jegtheme.com/pirus/wp-content/uploads/sites/43/2020/11/seashell-in-love-kristin-xpuLgz-p9zM-unsplash-e1613656507573.jpg]
[templatekit.jegtheme.com/pirus/wp-content/uploads/sites/43/2020/11/omid-armin-UtuGfdUwdRg-unsplash-e1612884266490.jpg]
[templatekit.jegtheme.com/pirus/wp-content/uploads/sites/43/elementor/css/post-786f75b.css]
[templatekit.jegtheme.com/pirus/wp-json/wp/v2/pages/786.json]
[templatekit.jegtheme.com/pirus/wp-json/oembed/1.0/embedc60e.json]
[templatekit.jegtheme.com/pirus/wp-json/oembed/1.0/embed7d2b]
[templatekit.jegtheme.com/pirus/wp-content/uploads/sites/43/2020/12/adam-birkett-QRWAdBCqysc-unsplash3-1-1024x547.jpg]
[templatekit.jegtheme.com/pirus/wp-content/uploads/sites/43/2020/12/adam-birkett-QRWAdBCqysc-unsplash2-2-1024x1024.jpg]
[templatekit.jegtheme.com/pirus/wp-content/uploads/sites/43/2020/12/kilyan-sockalingum-LQf3dro3y5E-unsplash2.jpg]
[templatekit.jegtheme.com/pirus/wp-content/uploads/sites/43/2020/12/petri-r-gehzL37x6zY-unsplash2.jpg]
[templatekit.jegtheme.com/pirus/single-project/index.html]
[templatekit.jegtheme.com/pirus/wp-content/uploads/sites/43/2020/12/kilyan-sockalingum-FAlefSetxdQ-unsplash2.jpg]
[templatekit.jegtheme.com/pirus/wp-content/uploads/sites/43/essential-addons-elementor/53b772a25.minc0ca.css]
[templatekit.jegtheme.com/pirus/wp-content/uploads/sites/43/elementor/css/post-272cf6c.css]
[templatekit.jegtheme.com/pirus/wp-json/wp/v2/pages/272.json]
[templatekit.jegtheme.com/pirus/wp-json/oembed/1.0/embedae4f.json]
[templatekit.jegtheme.com/pirus/wp-json/oembed/1.0/embedee7f]
[templatekit.jegtheme.com/creative1/wp-content/uploads/sites/43/2020/11/irene-kredenets-dwKiHoqqxk8-unsplash-2-scaled.jpg]
[templatekit.jegtheme.com/creative1/wp-content/uploads/sites/43/2020/11/daniel-korpai-aUmq85-2V7I-unsplash-scaled.jpg]
[templatekit.jegtheme.com/creative1/wp-content/uploads/sites/43/2020/11/claus-grunstaudl-I72dFJRFT3k-unsplash-scaled.jpg]
[templatekit.jegtheme.com/creative1/wp-content/uploads/sites/43/2020/11/stefan-spassov-k87dHceae1w-unsplash-scaled.jpg]
[templatekit.jegtheme.com/creative1/wp-content/uploads/sites/43/2020/11/mike-von-wlgRrLh0q38-unsplash-scaled.jpg]
[templatekit.jegtheme.com/creative1/wp-content/uploads/sites/43/2020/11/balazs-ketyi-LPWl2pEVGKc-unsplash.jpg]
[templatekit.jegtheme.com/creative1/wp-content/uploads/sites/43/2020/11/victor-garcia-iFGckeYFgLw-unsplash-scaled.jpg]
[templatekit.jegtheme.com/creative1/wp-content/uploads/sites/43/2020/11/balazs-ketyi-jRUW43RuZ_A-unsplash.jpg]
[templatekit.jegtheme.com/creative1/wp-content/uploads/sites/43/2020/11/lloyd-dirks-0vsk2_9dkqo-unsplash-2.jpg]
[templatekit.jegtheme.com/creative1/wp-content/uploads/sites/43/2020/11/jeremy-wong-weddings-464ps_nOflw-unsplash-scaled.jpg]
[templatekit.jegtheme.com/pirus/our-works/index.html]
[templatekit.jegtheme.com/pirus/wp-content/uploads/sites/43/essential-addons-elementor/53b772a25.minc0ca.js]
[templatekit.jegtheme.com/pirus/wp-content/uploads/sites/43/elementor/css/post-29825b1.css]
[templatekit.jegtheme.com/pirus/wp-json/wp/v2/pages/298.json]
[templatekit.jegtheme.com/pirus/wp-json/oembed/1.0/embed0b02.json]
[templatekit.jegtheme.com/pirus/wp-json/oembed/1.0/embed26ae]
[templatekit.jegtheme.com/pirus/about/index.html]
[templatekit.jegtheme.com/pirus/wp-content/uploads/sites/43/essential-addons-elementor/42a0123c5.mindcb9.css]
[templatekit.jegtheme.com/pirus/wp-content/uploads/sites/43/elementor/css/post-4476544.css]
[templatekit.jegtheme.com/pirus/wp-json/wp/v2/pages/447.json]
[templatekit.jegtheme.com/pirus/wp-json/oembed/1.0/embedaac3.json]
[templatekit.jegtheme.com/pirus/wp-json/oembed/1.0/embed8915]
[templatekit.jegtheme.com/pirus/wp-content/uploads/sites/43/2020/11/Gear-Outdoor-Research-Face-Mask-2.jpg]
[templatekit.jegtheme.com/pirus/wp-content/uploads/sites/43/essential-addons-elementor/42a0123c5.mindcb9.js]
[templatekit.jegtheme.com/pirus/blog/index.html]
[templatekit.jegtheme.com/pirus/wp-content/uploads/sites/43/elementor/css/post-377421e.css]
[templatekit.jegtheme.com/pirus/2020/11/08/yes-you-should-be-using-apple-pay-or-google-pay/index.html]
[templatekit.jegtheme.com/pirus/2020/11/08/how-to-trick-out-your-iphone-home-screen-in-ios-14/index.html]
[templatekit.jegtheme.com/pirus/wp-json/wp/v2/pages/377.json]
[templatekit.jegtheme.com/pirus/2020/11/08/22-face-masks-we-actually-like-to-wear/index.html]
[templatekit.jegtheme.com/pirus/wp-json/oembed/1.0/embed36b4.json]
[templatekit.jegtheme.com/pirus/wp-json/oembed/1.0/embed157b]
[templatekit.jegtheme.com/pirus/wp-content/uploads/sites/43/elementor/css/post-388ef49.css]
[templatekit.jegtheme.com/pirus/wp-content/plugins/metform/public/assets/css/metform-ui784e.css]
[templatekit.jegtheme.com/pirus/wp-content/plugins/metform/public/assets/css/style784e.css]
[templatekit.jegtheme.com/pirus/wp-content/plugins/metform/public/assets/js/htm784e.js]
[templatekit.jegtheme.com/pirus/wp-includes/js/dist/vendor/lodash.minf492.js]
[templatekit.jegtheme.com/pirus/wp-includes/js/dist/vendor/react.minbc7c.js]
[templatekit.jegtheme.com/pirus/wp-includes/js/dist/vendor/react-dom.minbc7c.js]
[templatekit.jegtheme.com/pirus/wp-includes/js/dist/escape-html.min5c86.js]
[templatekit.jegtheme.com/pirus/wp-includes/js/dist/element.min2eb1.js]
[templatekit.jegtheme.com/pirus/contact-us-1/index.html]
[templatekit.jegtheme.com/pirus/wp-content/plugins/metform/public/assets/js/app784e.js]
[templatekit.jegtheme.com/pirus/wp-content/uploads/sites/43/elementor/css/post-571f67d.css]
[templatekit.jegtheme.com/pirus/wp-json/wp/v2/pages/571.json]
[templatekit.jegtheme.com/pirus/wp-json/oembed/1.0/embed9635.json]
[templatekit.jegtheme.com/pirus/wp-json/oembed/1.0/embed8bf5]
[templatekit.jegtheme.com/pirus/contact-us-2/index.html]
[templatekit.jegtheme.com/pirus/wp-content/uploads/sites/43/elementor/css/post-107710fe.css]
[templatekit.jegtheme.com/pirus/2021/01/13/could-this-vr-sketching-tool-be-coming-of-age-for-designers-in-the-future/feed/index.html]
[templatekit.jegtheme.com/pirus/wp-json/wp/v2/posts/1077.json]
[templatekit.jegtheme.com/pirus/wp-json/oembed/1.0/embedc53d.json]
[templatekit.jegtheme.com/pirus/wp-json/oembed/1.0/embed7c04]
[templatekit.jegtheme.com/pirus/2021/01/13/could-this-vr-sketching-tool-be-coming-of-age-for-designers-in-the-future/index.html]
[templatekit.jegtheme.com/pirus/wp-content/uploads/sites/43/elementor/css/post-456d415.css]
[templatekit.jegtheme.com/pirus/2020/12/01/8-cities-that-show-you-what-the-future-will-look-like/feed/index.html]
[templatekit.jegtheme.com/pirus/wp-json/wp/v2/posts/456.json]
[templatekit.jegtheme.com/pirus/wp-json/oembed/1.0/embed38ae.json]
[templatekit.jegtheme.com/pirus/wp-json/oembed/1.0/embed209c]
[templatekit.jegtheme.com/pirus/2020/12/01/8-cities-that-show-you-what-the-future-will-look-like/index.html]
[templatekit.jegtheme.com/pirus/wp-content/uploads/sites/43/elementor/css/post-1509da1.css]
[templatekit.jegtheme.com/pirus/2020/11/08/15-gift-ideas-for-mom-and-dad-wherever-they-are-this-year/feed/index.html]
[templatekit.jegtheme.com/pirus/wp-json/wp/v2/posts/150.json]
[templatekit.jegtheme.com/pirus/wp-json/oembed/1.0/embed29d0.json]
[templatekit.jegtheme.com/pirus/wp-json/oembed/1.0/embeddd7a]
[templatekit.jegtheme.com/pirus/2020/11/08/15-gift-ideas-for-mom-and-dad-wherever-they-are-this-year/index.html]
[templatekit.jegtheme.com/pirus/wp-content/plugins/elementor/assets/lib/animations/animations.min3ab2.css]
[templatekit.jegtheme.com/pirus/indexe2f2.html]
[templatekit.jegtheme.com/pirus/wp-content/plugins/jeg-elementor-kit/assets/img/letter-x.svg]
[templatekit.jegtheme.com/pirus/wp-content/plugins/elementor/assets/lib/eicons/fonts/eicons5519.html]
[templatekit.jegtheme.com/pirus/wp-content/plugins/elementor/assets/lib/eicons/fonts/eicons5519.svg]
[templatekit.jegtheme.com/pirus/wp-content/plugins/elementor/assets/lib/font-awesome/webfonts/fa-brands-400.html]
[templatekit.jegtheme.com/pirus/wp-content/plugins/elementor/assets/lib/font-awesome/webfonts/fa-brands-400.svg]
[templatekit.jegtheme.com/pirus/wp-content/plugins/elementor/assets/lib/font-awesome/webfonts/fa-regular-400.html]
[templatekit.jegtheme.com/pirus/wp-content/plugins/elementor/assets/lib/font-awesome/webfonts/fa-regular-400.svg]
[templatekit.jegtheme.com/pirus/wp-content/plugins/elementor/assets/lib/font-awesome/webfonts/fa-solid-900.html]
[templatekit.jegtheme.com/pirus/wp-content/plugins/elementor/assets/lib/font-awesome/webfonts/fa-solid-900.svg]
[templatekit.jegtheme.com/pirus/wp-content/plugins/elementskit-lite/widgets/init/assets/img/cross-out.svg]
[templatekit.jegtheme.com/pirus/wp-content/uploads/sites/43/essential-addons-elementor/18a76cf22.mine183.css]
[templatekit.jegtheme.com/creative1/wp-content/uploads/sites/43/2021/02/kyle-brinker-0vVHYD3PcKo-unsplash_3.jpg]
[templatekit.jegtheme.com/creative1/wp-content/uploads/sites/43/2020/12/daniel-korpai-IQbQyv2Gfp4-unsplash.jpg]
[templatekit.jegtheme.com/creative1/wp-content/uploads/sites/43/2020/11/xps-dpbXgTh0Lac-unsplash.jpg]
[templatekit.jegtheme.com/creative1/wp-content/uploads/sites/43/2020/12/matt-rogers-iGxgUBp7i38-unsplash.jpg]
[templatekit.jegtheme.com/creative1/wp-content/uploads/sites/43/2020/11/manuel-cosentino-M3fhZSBFoFQ-unsplash.jpg]
[templatekit.jegtheme.com/creative1/wp-content/uploads/sites/43/2021/02/portrait-of-business-woman_2.jpg]
[templatekit.jegtheme.com/creative1/wp-content/uploads/sites/43/2021/01/Artboard-4.jpg]
[templatekit.jegtheme.com/creative1/wp-content/uploads/sites/43/2021/01/Artboard-1.jpg]
[templatekit.jegtheme.com/creative1/wp-content/uploads/sites/43/2021/01/Artboard-3.jpg]
[templatekit.jegtheme.com/pirus/wp-content/uploads/sites/43/elementor/css/post-64a84.css]
[templatekit.jegtheme.com/pirus/wp-content/plugins/elementor/assets/lib/font-awesome/css/solid.min52d5.css]
[templatekit.jegtheme.com/pirus/index42dc.html]
[templatekit.jegtheme.com/creative1/wp-content/uploads/sites/43/2021/02/kyle-brinker-0vVHYD3PcKo-unsplash_4.jpg]
[templatekit.jegtheme.com/creative1/wp-content/uploads/sites/43/2021/02/attractive-woman-is-working-at-creative-glass-work-BXAQL8U_2.jpg]
[templatekit.jegtheme.com/creative1/wp-content/uploads/sites/43/2021/01/Artboard-2.jpg]
[templatekit.jegtheme.com/pirus/wp-content/uploads/sites/43/elementor/css/post-2190867.css]
[templatekit.jegtheme.com/pirus/index50f6.html]
[templatekit.jegtheme.com/pirus/wp-content/uploads/sites/43/elementor/css/post-58263cf.css]
[templatekit.jegtheme.com/pirus/index01e4.html]
[templatekit.jegtheme.com/creative1/wp-content/uploads/sites/43/2020/11/xps-7ZWVnVSaafY-unsplash.jpg]
[templatekit.jegtheme.com/pirus/wp-content/uploads/sites/43/elementor/css/post-786f75b.css]
[templatekit.jegtheme.com/pirus/index4ab5.html]
[templatekit.jegtheme.com/pirus/wp-content/uploads/sites/43/essential-addons-elementor/53b772a25.minc0ca.css]
[templatekit.jegtheme.com/pirus/wp-content/uploads/sites/43/elementor/css/post-272cf6c.css]
[templatekit.jegtheme.com/pirus/indexcde3.html]
[templatekit.jegtheme.com/creative1/wp-content/uploads/sites/43/2021/02/kelly-sikkema-o2TRWThve_I-unsplash_2-scaled.jpg]
[templatekit.jegtheme.com/creative1/wp-content/uploads/sites/43/2020/12/adam-birkett-QRWAdBCqysc-unsplash2.jpg]
[templatekit.jegtheme.com/creative1/wp-content/uploads/sites/43/2021/02/annie-spratt-FSFfEQkd1sc-unsplash_2.jpg]
[templatekit.jegtheme.com/pirus/wp-content/uploads/sites/43/2021/01/Artboard-4-e1613655834863.jpg]
[templatekit.jegtheme.com/pirus/wp-content/uploads/sites/43/2021/01/Artboard-1-e1613655894102.jpg]
[templatekit.jegtheme.com/pirus/wp-content/uploads/sites/43/2021/01/Artboard-3-e1613655852657.jpg]
[templatekit.jegtheme.com/pirus/wp-content/uploads/sites/43/elementor/css/post-29825b1.css]
[templatekit.jegtheme.com/pirus/indexba86.html]
[templatekit.jegtheme.com/pirus/wp-content/uploads/sites/43/essential-addons-elementor/42a0123c5.mindcb9.css]
[templatekit.jegtheme.com/creative1/wp-content/uploads/sites/43/2021/02/writing-down-plans-RCXG6TP_2-1.jpg]
[templatekit.jegtheme.com/pirus/wp-content/uploads/sites/43/2021/01/Artboard-2-e1612884492853.jpg]
[templatekit.jegtheme.com/pirus/wp-content/uploads/sites/43/elementor/css/post-4476544.css]
[templatekit.jegtheme.com/pirus/index42fe.html]
[templatekit.jegtheme.com/creative1/wp-content/uploads/sites/43/2021/02/allec-gomes-kexw7YB5BhI-unsplash_3-scaled.jpg]
[templatekit.jegtheme.com/pirus/wp-content/uploads/sites/43/elementor/css/post-141bee7.css]
[templatekit.jegtheme.com/pirus/2020/11/08/yes-you-should-be-using-apple-pay-or-google-pay/feed/index.html]
[templatekit.jegtheme.com/pirus/wp-json/wp/v2/posts/141.json]
[templatekit.jegtheme.com/pirus/wp-json/oembed/1.0/embedd96b.json]
[templatekit.jegtheme.com/pirus/wp-json/oembed/1.0/embed673b]
[templatekit.jegtheme.com/pirus/2020/11/08/yes-you-should-be-using-apple-pay-or-google-pay/index.html]
[templatekit.jegtheme.com/pirus/wp-content/uploads/sites/43/elementor/css/post-135bee7.css]
[templatekit.jegtheme.com/pirus/2020/11/08/how-to-trick-out-your-iphone-home-screen-in-ios-14/feed/index.html]
[templatekit.jegtheme.com/pirus/wp-json/wp/v2/posts/135.json]
[templatekit.jegtheme.com/pirus/wp-json/oembed/1.0/embedca8a.json]
[templatekit.jegtheme.com/pirus/wp-json/oembed/1.0/embed3e76]
[templatekit.jegtheme.com/pirus/2020/11/08/how-to-trick-out-your-iphone-home-screen-in-ios-14/index.html]
[templatekit.jegtheme.com/pirus/2020/11/08/22-face-masks-we-actually-like-to-wear/feed/index.html]
[templatekit.jegtheme.com/pirus/wp-content/uploads/sites/43/elementor/css/post-1304f9c.css]
[templatekit.jegtheme.com/pirus/wp-json/wp/v2/posts/130.json]
[templatekit.jegtheme.com/pirus/wp-json/oembed/1.0/embed8792.json]
[templatekit.jegtheme.com/pirus/wp-json/oembed/1.0/embed8122]
[templatekit.jegtheme.com/pirus/2020/11/08/22-face-masks-we-actually-like-to-wear/index.html]
[templatekit.jegtheme.com/pirus/wp-content/uploads/sites/43/elementor/css/post-377421e.css]
[templatekit.jegtheme.com/pirus/indexa7ab.html]
[templatekit.jegtheme.com/pirus/wp-json/metform/v1/entries/insert/388.json]
[templatekit.jegtheme.com/pirus/wp-content/uploads/sites/43/elementor/css/post-388ef49.css]
[templatekit.jegtheme.com/pirus/wp-content/plugins/metform/public/assets/css/metform-ui784e.css]
[templatekit.jegtheme.com/pirus/wp-content/plugins/metform/public/assets/css/style784e.css]
[templatekit.jegtheme.com/pirus/wp-content/uploads/sites/43/elementor/css/post-571f67d.css]
[templatekit.jegtheme.com/pirus/index62bf.html]
[templatekit.jegtheme.com/creative1/wp-content/uploads/sites/43/2021/02/kobu-agency-o8ZesB0MLFo-unsplash_3.jpg]
[templatekit.jegtheme.com/pirus/wp-content/uploads/sites/43/elementor/css/post-107710fe.css]
[templatekit.jegtheme.com/pirus/index8146.html]
[templatekit.jegtheme.com/creative1/wp-content/uploads/sites/43/2020/12/banner-16.jpg]
[templatekit.jegtheme.com/pirus/wp-content/uploads/sites/43/elementor/css/post-456d415.css]
[templatekit.jegtheme.com/pirus/index7014.html]
[templatekit.jegtheme.com/pirus/wp-content/uploads/sites/43/elementor/css/post-1509da1.css]
[templatekit.jegtheme.com/pirus/index56d6.html]
[templatekit.jegtheme.com/pirus/wp-content/uploads/sites/43/elementor/css/post-141bee7.css]
[templatekit.jegtheme.com/pirus/index269b.html]
[templatekit.jegtheme.com/creative1/wp-content/uploads/sites/43/2020/12/WI1015_cover.jpg]
[templatekit.jegtheme.com/pirus/wp-content/uploads/sites/43/elementor/css/post-135bee7.css]
[templatekit.jegtheme.com/pirus/index86fa.html]
[templatekit.jegtheme.com/pirus/wp-content/uploads/sites/43/elementor/css/post-1304f9c.css]
[templatekit.jegtheme.com/pirus/index8b4e.html]
[templatekit.jegtheme.com/creative1/wp-content/uploads/sites/43/2020/11/omid-armin-UtuGfdUwdRg-unsplash.jpg]
[templatekit.jegtheme.com/creative1/wp-content/uploads/sites/43/2020/11/Gear-Outdoor-Research-Face-Mask-2.jpg]
